alter table accepted_tos modify id bigint(20) not null;
alter table ad_group_specs modify id bigint(20) not null;
alter table ad_groups modify id bigint(20) not null;
alter table advertisers modify id bigint(20) not null;
alter table app_event_tracking_configs modify id bigint(20) not null;
alter table bill_details modify id bigint(20) not null;
alter table billing_actions modify id bigint(20) not null;
alter table billing_contacts modify id bigint(20) not null;
alter table billing_profiles modify id bigint(20) not null;
alter table bills modify id bigint(20) not null;
alter table bulk_v2_jobs modify id bigint(20) not null;
alter table business_profiles modify id bigint(20) not null;
alter table campaign_specs modify id bigint(20) not null;
alter table campaigns modify id bigint(20) not null;
alter table carousel_slot_promotions modify id bigint(20) not null;
alter table conversion_tags modify id bigint(20) not null;
alter table goals modify id bigint(20) not null;
alter table notifications modify id bigint(20) not null;
alter table order_line_specs modify id bigint(20) not null;
alter table order_lines modify id bigint(20) not null;
alter table pin_promotion_labels modify id bigint(20) unsigned not null;
alter table pin_promotion_specs modify id bigint(20) not null;
alter table pin_promotions modify id bigint(20) not null;
alter table pin_promotions_history modify id bigint(20) not null;
alter table pinner_list_specs modify id bigint(20) not null;
alter table pinner_lists modify id bigint(20) not null;
alter table product_group_specs modify id bigint(20) not null;
alter table product_groups modify id bigint(20) not null;
alter table promoted_catalog_product_groups modify id bigint(20) not null;
alter table promoted_catalog_product_groups_history modify id bigint(20) not null;
alter table rule_subscriptions modify id bigint(20) not null;
alter table targeting_attribute_history modify id bigint(20) not null;
alter table targeting_attributes modify id bigint(20) not null;
alter table targeting_specs modify id bigint(20) not null;
alter table user_preferences modify id bigint(20) not null;
