create table if not exists `accepted_tos_seq`(id int, next_id bigint, cache bigint, primary key(id)) comment 'vitess_sequence';
create table if not exists `ad_group_specs_seq`(id int, next_id bigint, cache bigint, primary key(id)) comment 'vitess_sequence';
create table if not exists `ad_groups_seq`(id int, next_id bigint, cache bigint, primary key(id)) comment 'vitess_sequence';
create table if not exists `advertisers_seq`(id int, next_id bigint, cache bigint, primary key(id)) comment 'vitess_sequence';
create table if not exists `app_event_tracking_configs_seq`(id int, next_id bigint, cache bigint, primary key(id)) comment 'vitess_sequence';
create table if not exists `bill_details_seq`(id int, next_id bigint, cache bigint, primary key(id)) comment 'vitess_sequence';
create table if not exists `billing_actions_seq`(id int, next_id bigint, cache bigint, primary key(id)) comment 'vitess_sequence';
create table if not exists `billing_contacts_seq`(id int, next_id bigint, cache bigint, primary key(id)) comment 'vitess_sequence';
create table if not exists `billing_profiles_seq`(id int, next_id bigint, cache bigint, primary key(id)) comment 'vitess_sequence';
create table if not exists `bills_seq`(id int, next_id bigint, cache bigint, primary key(id)) comment 'vitess_sequence';
create table if not exists `bulk_v2_jobs_seq`(id int, next_id bigint, cache bigint, primary key(id)) comment 'vitess_sequence';
create table if not exists `business_profiles_seq`(id int, next_id bigint, cache bigint, primary key(id)) comment 'vitess_sequence';
create table if not exists `campaign_specs_seq`(id int, next_id bigint, cache bigint, primary key(id)) comment 'vitess_sequence';
create table if not exists `campaigns_seq`(id int, next_id bigint, cache bigint, primary key(id)) comment 'vitess_sequence';
create table if not exists `carousel_slot_promotions_seq`(id int, next_id bigint, cache bigint, primary key(id)) comment 'vitess_sequence';
create table if not exists `conversion_tags_seq`(id int, next_id bigint, cache bigint, primary key(id)) comment 'vitess_sequence';
create table if not exists `goals_seq`(id int, next_id bigint, cache bigint, primary key(id)) comment 'vitess_sequence';
create table if not exists `notifications_seq`(id int, next_id bigint, cache bigint, primary key(id)) comment 'vitess_sequence';
create table if not exists `order_line_specs_seq`(id int, next_id bigint, cache bigint, primary key(id)) comment 'vitess_sequence';
create table if not exists `order_lines_seq`(id int, next_id bigint, cache bigint, primary key(id)) comment 'vitess_sequence';
create table if not exists `pin_promotion_labels_seq`(id int, next_id bigint, cache bigint, primary key(id)) comment 'vitess_sequence';
create table if not exists `pin_promotion_specs_seq`(id int, next_id bigint, cache bigint, primary key(id)) comment 'vitess_sequence';
create table if not exists `pin_promotions_seq`(id int, next_id bigint, cache bigint, primary key(id)) comment 'vitess_sequence';
create table if not exists `pin_promotions_history_seq`(id int, next_id bigint, cache bigint, primary key(id)) comment 'vitess_sequence';
create table if not exists `pinner_list_specs_seq`(id int, next_id bigint, cache bigint, primary key(id)) comment 'vitess_sequence';
create table if not exists `pinner_lists_seq`(id int, next_id bigint, cache bigint, primary key(id)) comment 'vitess_sequence';
create table if not exists `product_group_specs_seq`(id int, next_id bigint, cache bigint, primary key(id)) comment 'vitess_sequence';
create table if not exists `product_groups_seq`(id int, next_id bigint, cache bigint, primary key(id)) comment 'vitess_sequence';
create table if not exists `promoted_catalog_product_groups_seq`(id int, next_id bigint, cache bigint, primary key(id)) comment 'vitess_sequence';
create table if not exists `promoted_catalog_product_groups_history_seq`(id int, next_id bigint, cache bigint, primary key(id)) comment 'vitess_sequence';
create table if not exists `rule_subscriptions_seq`(id int, next_id bigint, cache bigint, primary key(id)) comment 'vitess_sequence';
create table if not exists `targeting_attribute_history_seq`(id int, next_id bigint, cache bigint, primary key(id)) comment 'vitess_sequence';
create table if not exists `targeting_attributes_seq`(id int, next_id bigint, cache bigint, primary key(id)) comment 'vitess_sequence';
create table if not exists `targeting_specs_seq`(id int, next_id bigint, cache bigint, primary key(id)) comment 'vitess_sequence';
create table if not exists `user_preferences_seq`(id int, next_id bigint, cache bigint, primary key(id)) comment 'vitess_sequence';
