{
  "sharded": true,
  "vindexes": {
    "accepted_tos_id_vdx": {
      "type": "pin_lookup_hash_unique",
      "params": {
        "autocommit": "true",
        "capacity": "10000",
        "from": "id",
        "table": "patiogeneral.accepted_tos_id_idx",
        "to": "g_advertiser_id"
      },
      "owner": "accepted_tos"
    },
    "ad_group_id_vdx": {
      "type": "pin_lookup_hash_unique",
      "params": {
        "autocommit": "true",
        "capacity": "10000",
        "from": "id",
        "table": "patiogeneral.ad_group_id_idx",
        "to": "g_advertiser_id"
      },
      "owner": "ad_groups"
    },
    "ad_group_spec_id_vdx": {
      "type": "pin_lookup_hash_unique",
      "params": {
        "autocommit": "true",
        "capacity": "10000",
        "from": "id",
        "table": "patiogeneral.ad_group_spec_id_idx",
        "to": "g_advertiser_id"
      },
      "owner": "ad_group_specs"
    },
    "advertiser_id": {
      "type": "hash_offset",
      "params": {
        "offset": "549755813888"
      }
    },
    "app_event_tracking_config_id_vdx": {
      "type": "pin_lookup_hash_unique",
      "params": {
        "autocommit": "true",
        "capacity": "10000",
        "from": "id",
        "table": "patiogeneral.app_event_tracking_config_id_idx",
        "to": "g_advertiser_id"
      },
      "owner": "app_event_tracking_configs"
    },
    "bill_detail_id_vdx": {
      "type": "pin_lookup_hash_unique",
      "params": {
        "autocommit": "true",
        "capacity": "10000",
        "from": "id",
        "table": "patiogeneral.bill_detail_id_idx",
        "to": "g_advertiser_id"
      },
      "owner": "bill_details"
    },
    "bill_id_vdx": {
      "type": "pin_lookup_hash_unique",
      "params": {
        "autocommit": "true",
        "capacity": "10000",
        "from": "id",
        "table": "patiogeneral.bill_id_idx",
        "to": "g_advertiser_id"
      },
      "owner": "bills"
    },
    "billing_action_id_vdx": {
      "type": "pin_lookup_hash_unique",
      "params": {
        "autocommit": "true",
        "capacity": "10000",
        "from": "id",
        "table": "patiogeneral.billing_action_id_idx",
        "to": "g_advertiser_id"
      },
      "owner": "billing_actions"
    },
    "billing_contact_id_vdx": {
      "type": "pin_lookup_hash_unique",
      "params": {
        "autocommit": "true",
        "capacity": "10000",
        "from": "id",
        "table": "patiogeneral.billing_contact_id_idx",
        "to": "g_advertiser_id"
      },
      "owner": "billing_contacts"
    },
    "billing_profile_id_vdx": {
      "type": "pin_lookup_hash_unique",
      "params": {
        "autocommit": "true",
        "capacity": "10000",
        "from": "id",
        "table": "patiogeneral.billing_profile_id_idx",
        "to": "g_advertiser_id"
      },
      "owner": "billing_profiles"
    },
    "bulk_v2_job_id_vdx": {
      "type": "pin_lookup_hash_unique",
      "params": {
        "autocommit": "true",
        "capacity": "10000",
        "from": "id",
        "table": "patiogeneral.bulk_v2_job_id_idx",
        "to": "g_advertiser_id"
      },
      "owner": "bulk_v2_jobs"
    },
    "business_profile_id_vdx": {
      "type": "pin_lookup_hash_unique",
      "params": {
        "autocommit": "true",
        "capacity": "10000",
        "from": "id",
        "table": "patiogeneral.business_profile_id_idx",
        "to": "g_advertiser_id"
      },
      "owner": "business_profiles"
    },
    "campaign_id_vdx": {
      "type": "pin_lookup_hash_unique",
      "params": {
        "autocommit": "true",
        "capacity": "20000",
        "from": "id",
        "table": "patiogeneral.campaign_id_idx",
        "to": "g_advertiser_id"
      },
      "owner": "campaigns"
    },
    "campaign_spec_id_vdx": {
      "type": "pin_lookup_hash_unique",
      "params": {
        "autocommit": "true",
        "capacity": "10000",
        "from": "id",
        "table": "patiogeneral.campaign_spec_id_idx",
        "to": "g_advertiser_id"
      },
      "owner": "campaign_specs"
    },
    "carousel_slot_promotion_id_vdx": {
      "type": "pin_lookup_hash_unique",
      "params": {
        "autocommit": "true",
        "capacity": "10000",
        "from": "id",
        "table": "patiogeneral.carousel_slot_promotion_id_idx",
        "to": "g_advertiser_id"
      },
      "owner": "carousel_slot_promotions"
    },
    "conversion_tag_id_vdx": {
      "type": "pin_lookup_hash_unique",
      "params": {
        "autocommit": "true",
        "capacity": "10000",
        "from": "id",
        "table": "patiogeneral.conversion_tag_id_idx",
        "to": "g_advertiser_id"
      },
      "owner": "conversion_tags"
    },
    "dark_write_advertiser_id": {
      "type": "hash_offset",
      "params": {
        "offset": "549755813888"
      }
    },
    "g_advertiser_id": {
      "type": "hash"
    },
    "goal_id_vdx": {
      "type": "pin_lookup_hash_unique",
      "params": {
        "autocommit": "true",
        "capacity": "10000",
        "from": "id",
        "table": "patiogeneral.goal_id_idx",
        "to": "g_advertiser_id"
      },
      "owner": "goals"
    },
    "notification_id_vdx": {
      "type": "pin_lookup_hash_unique",
      "params": {
        "autocommit": "true",
        "capacity": "10000",
        "from": "id",
        "table": "patiogeneral.notification_id_idx",
        "to": "g_advertiser_id"
      },
      "owner": "notifications"
    },
    "order_line_id_vdx": {
      "type": "pin_lookup_hash_unique",
      "params": {
        "autocommit": "true",
        "capacity": "10000",
        "from": "id",
        "table": "patiogeneral.order_line_id_idx",
        "to": "g_advertiser_id"
      },
      "owner": "order_lines"
    },
    "order_line_spec_id_vdx": {
      "type": "pin_lookup_hash_unique",
      "params": {
        "autocommit": "true",
        "capacity": "10000",
        "from": "id",
        "table": "patiogeneral.order_line_spec_id_idx",
        "to": "g_advertiser_id"
      },
      "owner": "order_line_specs"
    },
    "pin_promotion_id_vdx": {
      "type": "pin_lookup_hash_unique",
      "params": {
        "autocommit": "true",
        "capacity": "10000",
        "from": "id",
        "table": "patiogeneral.pin_promotion_id_idx",
        "to": "g_advertiser_id"
      },
      "owner": "pin_promotions"
    },
    "pin_promotion_label_id_vdx": {
      "type": "pin_lookup_hash_unique",
      "params": {
        "autocommit": "true",
        "capacity": "10000",
        "from": "id",
        "table": "patiogeneral.pin_promotion_label_id_idx",
        "to": "g_advertiser_id"
      },
      "owner": "pin_promotion_labels"
    },
    "pin_promotion_spec_id_vdx": {
      "type": "pin_lookup_hash_unique",
      "params": {
        "autocommit": "true",
        "capacity": "10000",
        "from": "id",
        "table": "patiogeneral.pin_promotion_spec_id_idx",
        "to": "g_advertiser_id"
      },
      "owner": "pin_promotion_specs"
    },
    "pin_promotions_history_id_vdx": {
      "type": "pin_lookup_hash_unique",
      "params": {
        "autocommit": "true",
        "capacity": "10000",
        "from": "id",
        "table": "patiogeneral.pin_promotions_history_id_idx",
        "to": "g_advertiser_id"
      },
      "owner": "pin_promotions_history"
    },
    "pinner_list_id_vdx": {
      "type": "pin_lookup_hash_unique",
      "params": {
        "autocommit": "true",
        "capacity": "10000",
        "from": "id",
        "table": "patiogeneral.pinner_list_id_idx",
        "to": "g_advertiser_id"
      },
      "owner": "pinner_lists"
    },
    "pinner_list_spec_id_vdx": {
      "type": "pin_lookup_hash_unique",
      "params": {
        "autocommit": "true",
        "capacity": "10000",
        "from": "id",
        "table": "patiogeneral.pinner_list_spec_id_idx",
        "to": "g_advertiser_id"
      },
      "owner": "pinner_list_specs"
    },
    "product_group_id_vdx": {
      "type": "pin_lookup_hash_unique",
      "params": {
        "autocommit": "true",
        "capacity": "10000",
        "from": "id",
        "table": "patiogeneral.product_group_id_idx",
        "to": "g_advertiser_id"
      },
      "owner": "product_groups"
    },
    "product_group_spec_id_vdx": {
      "type": "pin_lookup_hash_unique",
      "params": {
        "autocommit": "true",
        "capacity": "10000",
        "from": "id",
        "table": "patiogeneral.product_group_spec_id_idx",
        "to": "g_advertiser_id"
      },
      "owner": "product_group_specs"
    },
    "promoted_catalog_product_group_id_vdx": {
      "type": "pin_lookup_hash_unique",
      "params": {
        "autocommit": "true",
        "capacity": "10000",
        "from": "id",
        "table": "patiogeneral.promoted_catalog_product_group_id_idx",
        "to": "g_advertiser_id"
      },
      "owner": "promoted_catalog_product_groups"
    },
    "promoted_catalog_product_groups_history_id_vdx": {
      "type": "pin_lookup_hash_unique",
      "params": {
        "autocommit": "true",
        "capacity": "10000",
        "from": "id",
        "table": "patiogeneral.promoted_catalog_product_groups_history_id_idx",
        "to": "g_advertiser_id"
      },
      "owner": "promoted_catalog_product_groups_history"
    },
    "rule_subscription_id_vdx": {
      "type": "pin_lookup_hash_unique",
      "params": {
        "autocommit": "true",
        "capacity": "10000",
        "from": "id",
        "table": "patiogeneral.rule_subscription_id_idx",
        "to": "g_advertiser_id"
      },
      "owner": "rule_subscriptions"
    },
    "targeting_attribute_history_id_vdx": {
      "type": "pin_lookup_hash_unique",
      "params": {
        "autocommit": "true",
        "capacity": "10000",
        "from": "id",
        "table": "patiogeneral.targeting_attribute_history_id_idx",
        "to": "g_advertiser_id"
      },
      "owner": "targeting_attribute_history"
    },
    "targeting_attribute_id_vdx": {
      "type": "pin_lookup_hash_unique",
      "params": {
        "autocommit": "true",
        "capacity": "10000",
        "from": "id",
        "table": "patiogeneral.targeting_attribute_id_idx",
        "to": "g_advertiser_id"
      },
      "owner": "targeting_attributes"
    },
    "targeting_spec_id_vdx": {
      "type": "pin_lookup_hash_unique",
      "params": {
        "autocommit": "true",
        "capacity": "10000",
        "from": "id",
        "table": "patiogeneral.targeting_spec_id_idx",
        "to": "g_advertiser_id"
      },
      "owner": "targeting_specs"
    },
    "user_preference_id_vdx": {
      "type": "pin_lookup_hash_unique",
      "params": {
        "autocommit": "true",
        "capacity": "10000",
        "from": "id",
        "table": "patiogeneral.user_preference_id_idx",
        "to": "g_advertiser_id"
      },
      "owner": "user_preferences"
    }
  },
  "tables": {
    "accepted_tos": {
      "columnVindexes": [
        {
          "name": "g_advertiser_id",
          "columns": [
            "g_advertiser_id"
          ]
        },
        {
          "name": "accepted_tos_id_vdx",
          "columns": [
            "id"
          ]
        },
        {
          "name": "advertiser_id",
          "columns": [
            "advertiser_id"
          ]
        }
      ]
    },
    "ad_group_specs": {
      "columnVindexes": [
        {
          "name": "g_advertiser_id",
          "columns": [
            "g_advertiser_id"
          ]
        },
        {
          "name": "ad_group_id_vdx",
          "columns": [
            "ad_group_id"
          ]
        },
        {
          "name": "ad_group_spec_id_vdx",
          "columns": [
            "id"
          ]
        },
        {
          "name": "advertiser_id",
          "columns": [
            "advertiser_id"
          ]
        },
        {
          "name": "targeting_spec_id_vdx",
          "columns": [
            "targeting_spec_id"
          ]
        }
      ]
    },
    "ad_groups": {
      "columnVindexes": [
        {
          "name": "g_advertiser_id",
          "columns": [
            "g_advertiser_id"
          ]
        },
        {
          "name": "ad_group_id_vdx",
          "columns": [
            "id"
          ]
        },
        {
          "name": "ad_group_spec_id_vdx",
          "columns": [
            "spec_id"
          ]
        },
        {
          "name": "advertiser_id",
          "columns": [
            "advertiser_id"
          ]
        },
        {
          "name": "campaign_id_vdx",
          "columns": [
            "campaign_id"
          ]
        }
      ]
    },
    "advertisers": {
      "columnVindexes": [
        {
          "name": "advertiser_id",
          "columns": [
            "id"
          ]
        },
        {
          "name": "billing_profile_id_vdx",
          "columns": [
            "billing_profile_id"
          ]
        },
        {
          "name": "business_profile_id_vdx",
          "columns": [
            "business_profile_id"
          ]
        }
      ]
    },
    "app_event_tracking_configs": {
      "columnVindexes": [
        {
          "name": "g_advertiser_id",
          "columns": [
            "g_advertiser_id"
          ]
        },
        {
          "name": "advertiser_id",
          "columns": [
            "advertiser_id"
          ]
        },
        {
          "name": "app_event_tracking_config_id_vdx",
          "columns": [
            "id"
          ]
        }
      ]
    },
    "bill_details": {
      "columnVindexes": [
        {
          "name": "g_advertiser_id",
          "columns": [
            "g_advertiser_id"
          ]
        },
        {
          "name": "advertiser_id",
          "columns": [
            "advertiser_id"
          ]
        },
        {
          "name": "bill_detail_id_vdx",
          "columns": [
            "id"
          ]
        },
        {
          "name": "bill_id_vdx",
          "columns": [
            "bill_id"
          ]
        }
      ]
    },
    "billing_actions": {
      "columnVindexes": [
        {
          "name": "g_advertiser_id",
          "columns": [
            "g_advertiser_id"
          ]
        },
        {
          "name": "advertiser_id",
          "columns": [
            "advertiser_id"
          ]
        },
        {
          "name": "bill_id_vdx",
          "columns": [
            "bill_id"
          ]
        },
        {
          "name": "billing_action_id_vdx",
          "columns": [
            "id"
          ]
        }
      ]
    },
    "billing_contacts": {
      "columnVindexes": [
        {
          "name": "g_advertiser_id",
          "columns": [
            "g_advertiser_id"
          ]
        },
        {
          "name": "advertiser_id",
          "columns": [
            "advertiser_id"
          ]
        },
        {
          "name": "billing_contact_id_vdx",
          "columns": [
            "id"
          ]
        }
      ]
    },
    "billing_profiles": {
      "columnVindexes": [
        {
          "name": "g_advertiser_id",
          "columns": [
            "g_advertiser_id"
          ]
        },
        {
          "name": "advertiser_id",
          "columns": [
            "advertiser_id"
          ]
        },
        {
          "name": "billing_profile_id_vdx",
          "columns": [
            "id"
          ]
        }
      ]
    },
    "bills": {
      "columnVindexes": [
        {
          "name": "g_advertiser_id",
          "columns": [
            "g_advertiser_id"
          ]
        },
        {
          "name": "advertiser_id",
          "columns": [
            "advertiser_id"
          ]
        },
        {
          "name": "bill_id_vdx",
          "columns": [
            "id"
          ]
        },
        {
          "name": "billing_profile_id_vdx",
          "columns": [
            "billing_profile_id"
          ]
        },
        {
          "name": "business_profile_id_vdx",
          "columns": [
            "business_profile_id"
          ]
        }
      ]
    },
    "bulk_v2_jobs": {
      "columnVindexes": [
        {
          "name": "g_advertiser_id",
          "columns": [
            "g_advertiser_id"
          ]
        },
        {
          "name": "advertiser_id",
          "columns": [
            "advertiser_id"
          ]
        },
        {
          "name": "bulk_v2_job_id_vdx",
          "columns": [
            "id"
          ]
        }
      ]
    },
    "business_profiles": {
      "columnVindexes": [
        {
          "name": "g_advertiser_id",
          "columns": [
            "g_advertiser_id"
          ]
        },
        {
          "name": "advertiser_id",
          "columns": [
            "advertiser_id"
          ]
        },
        {
          "name": "business_profile_id_vdx",
          "columns": [
            "id"
          ]
        }
      ]
    },
    "campaign_specs": {
      "columnVindexes": [
        {
          "name": "g_advertiser_id",
          "columns": [
            "g_advertiser_id"
          ]
        },
        {
          "name": "advertiser_id",
          "columns": [
            "advertiser_id"
          ]
        },
        {
          "name": "campaign_id_vdx",
          "columns": [
            "campaign_id"
          ]
        },
        {
          "name": "campaign_spec_id_vdx",
          "columns": [
            "id"
          ]
        },
        {
          "name": "order_line_id_vdx",
          "columns": [
            "order_line_id"
          ]
        }
      ]
    },
    "campaigns": {
      "columnVindexes": [
        {
          "name": "g_advertiser_id",
          "columns": [
            "g_advertiser_id"
          ]
        },
        {
          "name": "advertiser_id",
          "columns": [
            "advertiser_id"
          ]
        },
        {
          "name": "campaign_id_vdx",
          "columns": [
            "id"
          ]
        },
        {
          "name": "campaign_spec_id_vdx",
          "columns": [
            "campaign_spec_id"
          ]
        }
      ]
    },
    "carousel_slot_promotions": {
      "columnVindexes": [
        {
          "name": "g_advertiser_id",
          "columns": [
            "g_advertiser_id"
          ]
        },
        {
          "name": "advertiser_id",
          "columns": [
            "advertiser_id"
          ]
        },
        {
          "name": "carousel_slot_promotion_id_vdx",
          "columns": [
            "id"
          ]
        },
        {
          "name": "pin_promotion_id_vdx",
          "columns": [
            "pin_promotion_id"
          ]
        }
      ]
    },
    "conversion_tags": {
      "columnVindexes": [
        {
          "name": "g_advertiser_id",
          "columns": [
            "g_advertiser_id"
          ]
        },
        {
          "name": "advertiser_id",
          "columns": [
            "advertiser_id"
          ]
        },
        {
          "name": "conversion_tag_id_vdx",
          "columns": [
            "id"
          ]
        }
      ]
    },
    "goals": {
      "columnVindexes": [
        {
          "name": "g_advertiser_id",
          "columns": [
            "g_advertiser_id"
          ]
        },
        {
          "name": "advertiser_id",
          "columns": [
            "advertiser_id"
          ]
        },
        {
          "name": "goal_id_vdx",
          "columns": [
            "id"
          ]
        }
      ]
    },
    "notifications": {
      "columnVindexes": [
        {
          "name": "g_advertiser_id",
          "columns": [
            "g_advertiser_id"
          ]
        },
        {
          "name": "advertiser_id",
          "columns": [
            "advertiser_id"
          ]
        },
        {
          "name": "notification_id_vdx",
          "columns": [
            "id"
          ]
        }
      ]
    },
    "order_line_specs": {
      "columnVindexes": [
        {
          "name": "g_advertiser_id",
          "columns": [
            "g_advertiser_id"
          ]
        },
        {
          "name": "advertiser_id",
          "columns": [
            "advertiser_id"
          ]
        },
        {
          "name": "order_line_id_vdx",
          "columns": [
            "order_line_id"
          ]
        },
        {
          "name": "order_line_spec_id_vdx",
          "columns": [
            "id"
          ]
        }
      ]
    },
    "order_lines": {
      "columnVindexes": [
        {
          "name": "g_advertiser_id",
          "columns": [
            "g_advertiser_id"
          ]
        },
        {
          "name": "advertiser_id",
          "columns": [
            "advertiser_id"
          ]
        },
        {
          "name": "billing_profile_id_vdx",
          "columns": [
            "billing_profile_id"
          ]
        },
        {
          "name": "order_line_id_vdx",
          "columns": [
            "id"
          ]
        },
        {
          "name": "order_line_spec_id_vdx",
          "columns": [
            "spec_id"
          ]
        }
      ]
    },
    "pin_promotion_labels": {
      "columnVindexes": [
        {
          "name": "g_advertiser_id",
          "columns": [
            "g_advertiser_id"
          ]
        },
        {
          "name": "advertiser_id",
          "columns": [
            "advertiser_id"
          ]
        },
        {
          "name": "pin_promotion_label_id_vdx",
          "columns": [
            "id"
          ]
        },
        {
          "name": "pin_promotion_spec_id_vdx",
          "columns": [
            "spec_id"
          ]
        }
      ]
    },
    "pin_promotion_specs": {
      "columnVindexes": [
        {
          "name": "g_advertiser_id",
          "columns": [
            "g_advertiser_id"
          ]
        },
        {
          "name": "advertiser_id",
          "columns": [
            "advertiser_id"
          ]
        },
        {
          "name": "campaign_spec_id_vdx",
          "columns": [
            "campaign_spec_id"
          ]
        },
        {
          "name": "pin_promotion_id_vdx",
          "columns": [
            "pin_promotion_id"
          ]
        },
        {
          "name": "pin_promotion_spec_id_vdx",
          "columns": [
            "id"
          ]
        },
        {
          "name": "targeting_spec_id_vdx",
          "columns": [
            "targeting_spec_id"
          ]
        }
      ]
    },
    "pin_promotions": {
      "columnVindexes": [
        {
          "name": "g_advertiser_id",
          "columns": [
            "g_advertiser_id"
          ]
        },
        {
          "name": "ad_group_id_vdx",
          "columns": [
            "ad_group_id"
          ]
        },
        {
          "name": "advertiser_id",
          "columns": [
            "advertiser_id"
          ]
        },
        {
          "name": "campaign_id_vdx",
          "columns": [
            "campaign_id"
          ]
        },
        {
          "name": "pin_promotion_id_vdx",
          "columns": [
            "id"
          ]
        }
      ]
    },
    "pin_promotions_history": {
      "columnVindexes": [
        {
          "name": "g_advertiser_id",
          "columns": [
            "g_advertiser_id"
          ]
        },
        {
          "name": "ad_group_id_vdx",
          "columns": [
            "ad_group_id"
          ]
        },
        {
          "name": "advertiser_id",
          "columns": [
            "advertiser_id"
          ]
        },
        {
          "name": "campaign_id_vdx",
          "columns": [
            "campaign_id"
          ]
        },
        {
          "name": "pin_promotion_id_vdx",
          "columns": [
            "pin_promotion_id"
          ]
        },
        {
          "name": "pin_promotions_history_id_vdx",
          "columns": [
            "id"
          ]
        }
      ]
    },
    "pinner_list_specs": {
      "columnVindexes": [
        {
          "name": "g_advertiser_id",
          "columns": [
            "g_advertiser_id"
          ]
        },
        {
          "name": "advertiser_id",
          "columns": [
            "advertiser_id"
          ]
        },
        {
          "name": "pinner_list_id_vdx",
          "columns": [
            "pinner_list_id"
          ]
        },
        {
          "name": "pinner_list_spec_id_vdx",
          "columns": [
            "id"
          ]
        }
      ]
    },
    "pinner_lists": {
      "columnVindexes": [
        {
          "name": "g_advertiser_id",
          "columns": [
            "g_advertiser_id"
          ]
        },
        {
          "name": "advertiser_id",
          "columns": [
            "advertiser_id"
          ]
        },
        {
          "name": "pinner_list_id_vdx",
          "columns": [
            "id"
          ]
        },
        {
          "name": "pinner_list_spec_id_vdx",
          "columns": [
            "spec_id"
          ]
        }
      ]
    },
    "product_group_specs": {
      "columnVindexes": [
        {
          "name": "g_advertiser_id",
          "columns": [
            "g_advertiser_id"
          ]
        },
        {
          "name": "advertiser_id",
          "columns": [
            "advertiser_id"
          ]
        },
        {
          "name": "product_group_id_vdx",
          "columns": [
            "product_group_id"
          ]
        },
        {
          "name": "product_group_spec_id_vdx",
          "columns": [
            "id"
          ]
        }
      ]
    },
    "product_groups": {
      "columnVindexes": [
        {
          "name": "g_advertiser_id",
          "columns": [
            "g_advertiser_id"
          ]
        },
        {
          "name": "ad_group_id_vdx",
          "columns": [
            "ad_group_id"
          ]
        },
        {
          "name": "advertiser_id",
          "columns": [
            "advertiser_id"
          ]
        },
        {
          "name": "product_group_id_vdx",
          "columns": [
            "id"
          ]
        },
        {
          "name": "product_group_spec_id_vdx",
          "columns": [
            "spec_id"
          ]
        }
      ]
    },
    "promoted_catalog_product_groups": {
      "columnVindexes": [
        {
          "name": "g_advertiser_id",
          "columns": [
            "g_advertiser_id"
          ]
        },
        {
          "name": "ad_group_id_vdx",
          "columns": [
            "ad_group_id"
          ]
        },
        {
          "name": "advertiser_id",
          "columns": [
            "advertiser_id"
          ]
        },
        {
          "name": "campaign_id_vdx",
          "columns": [
            "campaign_id"
          ]
        },
        {
          "name": "promoted_catalog_product_group_id_vdx",
          "columns": [
            "id"
          ]
        }
      ]
    },
    "promoted_catalog_product_groups_history": {
      "columnVindexes": [
        {
          "name": "g_advertiser_id",
          "columns": [
            "g_advertiser_id"
          ]
        },
        {
          "name": "ad_group_id_vdx",
          "columns": [
            "ad_group_id"
          ]
        },
        {
          "name": "advertiser_id",
          "columns": [
            "advertiser_id"
          ]
        },
        {
          "name": "campaign_id_vdx",
          "columns": [
            "campaign_id"
          ]
        },
        {
          "name": "promoted_catalog_product_group_id_vdx",
          "columns": [
            "promoted_catalog_product_group_id"
          ]
        },
        {
          "name": "promoted_catalog_product_groups_history_id_vdx",
          "columns": [
            "id"
          ]
        }
      ]
    },
    "rule_subscriptions": {
      "columnVindexes": [
        {
          "name": "g_advertiser_id",
          "columns": [
            "g_advertiser_id"
          ]
        },
        {
          "name": "advertiser_id",
          "columns": [
            "advertiser_id"
          ]
        },
        {
          "name": "rule_subscription_id_vdx",
          "columns": [
            "id"
          ]
        }
      ]
    },
    "targeting_attribute_counts_by_advertiser": {
      "columnVindexes": [
        {
          "name": "g_advertiser_id",
          "columns": [
            "advertiser_gid"
          ]
        },
        {
          "name": "advertiser_id",
          "columns": [
            "advertiser_id"
          ]
        }
      ]
    },
    "targeting_attribute_counts_by_parent": {
      "columnVindexes": [
        {
          "name": "g_advertiser_id",
          "columns": [
            "g_advertiser_id"
          ]
        },
        {
          "name": "advertiser_id",
          "columns": [
            "advertiser_id"
          ]
        }
      ]
    },
    "targeting_attribute_history": {
      "columnVindexes": [
        {
          "name": "g_advertiser_id",
          "columns": [
            "g_advertiser_id"
          ]
        },
        {
          "name": "advertiser_id",
          "columns": [
            "advertiser_id"
          ]
        },
        {
          "name": "targeting_attribute_history_id_vdx",
          "columns": [
            "id"
          ]
        },
        {
          "name": "targeting_attribute_id_vdx",
          "columns": [
            "targeting_attribute_id"
          ]
        }
      ]
    },
    "targeting_attributes": {
      "columnVindexes": [
        {
          "name": "g_advertiser_id",
          "columns": [
            "g_advertiser_id"
          ]
        },
        {
          "name": "advertiser_id",
          "columns": [
            "advertiser_id"
          ]
        },
        {
          "name": "targeting_attribute_id_vdx",
          "columns": [
            "id"
          ]
        }
      ]
    },
    "targeting_specs": {
      "columnVindexes": [
        {
          "name": "g_advertiser_id",
          "columns": [
            "g_advertiser_id"
          ]
        },
        {
          "name": "advertiser_id",
          "columns": [
            "advertiser_id"
          ]
        },
        {
          "name": "targeting_spec_id_vdx",
          "columns": [
            "id"
          ]
        }
      ]
    },
    "user_preferences": {
      "columnVindexes": [
        {
          "name": "g_advertiser_id",
          "columns": [
            "g_advertiser_id"
          ]
        },
        {
          "name": "advertiser_id",
          "columns": [
            "advertiser_id"
          ]
        },
        {
          "name": "user_preference_id_vdx",
          "columns": [
            "id"
          ]
        }
      ]
    }
  }
}
